$ vitest run --root ../.. --project integration packages/control
 DEPRECATED  The workspace file is deprecated and will be removed in the next major. Please, use the `test.projects` field in the root config file instead.

 RUN  v3.2.7 /Users/kapdroid/StudioProjects/Fa-Lens.worktrees/U-011-control-queue-lock-bus-cache

 ✓ |integration| packages/control/test/integration/cache.test.ts (4 tests) 11945ms
   ✓ a value is readable before its ttl and a miss after it  1210ms
 ✓ |integration| packages/control/test/integration/bus.test.ts (3 tests) 11977ms
   ✓ a message published on one connection reaches a subscriber on another within a second  452ms
   ✓ a subscriber hears only its own channel  421ms
 ✓ |integration| packages/control/test/integration/tenant-scope.test.ts (3 tests) 11417ms
 ✓ |integration| packages/control/test/integration/migrate.test.ts (4 tests) 12643ms
   ✓ migrations apply from an empty database and create every table the schema declares  3101ms
 ✓ |integration| packages/control/test/integration/evidence-partitions.test.ts (4 tests) 12649ms
 ✓ |integration| packages/control/test/integration/lock.test.ts (4 tests) 13787ms
 ✓ |integration| packages/control/test/integration/queue.test.ts (2 tests) 19250ms
   ✓ a job is delivered to its handler once  3049ms
   ✓ a job whose handler throws is delivered again, and a completed one is not  8791ms

 Test Files  7 passed (7)
      Tests  24 passed (24)
   Start at  18:18:39
   Duration  20.08s (transform 154ms, setup 0ms, collect 5.80s, tests 93.67s, environment 1ms, prepare 607ms)

