# red · 2026-09-09 10:00 · dc0c2dd
$ node tool/check-catalog.mjs
node:internal/modules/cjs/loader:1459
  throw err;
  ^

Error: Cannot find module '/Users/kapdroid/StudioProjects/Fa-Lens.worktrees/E-004-source-catalog/tool/check-catalog.mjs'
    at Module._resolveFilename (node:internal/modules/cjs/loader:1456:15)
    at defaultResolveImpl (node:internal/modules/cjs/loader:1066:19)
    at resolveForCJSWithHooks (node:internal/modules/cjs/loader:1071:22)
    at Module._load (node:internal/modules/cjs/loader:1242:25)
    at wrapModuleLoad (node:internal/modules/cjs/loader:255:19)
    at Module.executeUserEntryPoint [as runMain] (node:internal/modules/run_main:154:5)
    at node:internal/main/run_main_module:33:47 {
  code: 'MODULE_NOT_FOUND',
  requireStack: []
}

Node.js v24.14.1
exit=1
$ bash tool/gate.sh --fast | grep -c "▸ catalog"
0
0 (exit=1)
$ test -f packs/_sources/catalog.yaml
absent exit=1
