# 2026-09-09 18:48 · bash tool/gate.sh --fast after safety review round 1
▸ docs                        ok
▸ knowledge-index             ok
▸ knowledge-index-selftest    ok
▸ units                       ok
▸ harness                     ok
▸ catalog                     ok
▸ catalog-selftest            ok
▸ evals-selftest              ok
▸ evals-rendered              ok
▸ whitespace                  ok
▸ no-secrets                  ok
▸ prototype-parses            ok
▸ tokens-in-sync              ok
▸ shell-scripts               ok
▸ tool-tests                  ok
▸ typecheck                   ok
▸ lint                        ok
▸ boundaries                  ok
▸ contract                    ok
▸ unit-tests                  skipped (--fast)
▸ integration-tests           skipped (--fast)
▸ e2e                         skipped (--fast)
gate: GREEN (19 stages)
exit=0
