 DEPRECATED  The workspace file is deprecated and will be removed in the next major. Please, use the `test.projects` field in the root config file instead.

 RUN  v3.2.7 /Users/kapdroid/StudioProjects/Fa-Lens.worktrees/U-007-kernel-pack-schema

 ❯ |unit| packages/kernel/test/pack/deps.test.ts (1 test | 1 failed) 4ms
   × packages/kernel/package.json declares only the ADR-0015 libraries 4ms
     → expected [ 'lodash' ] to deeply equal []

⎯⎯⎯⎯⎯⎯⎯ Failed Tests 1 ⎯⎯⎯⎯⎯⎯⎯

 FAIL  |unit| packages/kernel/test/pack/deps.test.ts > packages/kernel/package.json declares only the ADR-0015 libraries
AssertionError: expected [ 'lodash' ] to deeply equal []

[32m- Expected[39m
[31m+ Received[39m

[32m- [][39m
[31m+ [[39m
[31m+   "lodash",[39m
[31m+ ][39m

 ❯ packages/kernel/test/pack/deps.test.ts:10:50
      8|   const pkg = JSON.parse(readFileSync(new URL('../../package.json', im…
      9|   const deps = Object.keys(pkg.dependencies ?? {});
     10|   expect(deps.filter(d => !ALLOWED.includes(d))).toEqual([]);
       |                                                  ^
     11|   expect(deps).toEqual(expect.arrayContaining(ALLOWED));
     12| });

⎯⎯⎯⎯⎯⎯⎯⎯⎯⎯⎯⎯⎯⎯⎯⎯⎯⎯⎯⎯⎯⎯⎯⎯[1/1]⎯


 Test Files  1 failed (1)
      Tests  1 failed (1)
   Start at  16:07:37
   Duration  173ms (transform 5ms, setup 0ms, collect 6ms, tests 4ms, environment 0ms, prepare 32ms)

